// Jest Snapshot v1, https://goo.gl/fbAQLP

exports[`First Snapshot test 1`] = `
Array [
  <nav>
    <h1>
      Math Magicians
    </h1>
    <div
      className="link"
    >
      <li>
        <a
          href="/"
          onClick={[Function]}
          style={
            Object {
              "color": "azure",
              "textDecoration": "none",
            }
          }
        >
          Home
        </a>
      </li>
      <li>
        <a
          href="/calculator"
          onClick={[Function]}
          style={
            Object {
              "color": "azure",
              "textDecoration": "none",
            }
          }
        >
          Calculator
        </a>
      </li>
      <li>
        <a
          href="/quote"
          onClick={[Function]}
          style={
            Object {
              "color": "azure",
              "textDecoration": "none",
            }
          }
        >
          Quote
        </a>
      </li>
    </div>
  </nav>,
  <div
    className="homeContainer"
  >
    <h2>
      Welcome to our page!
    </h2>
    <p>
      Lorem ipsum dolor sit amet, consectetur adipiscing elit. Aenean eu feugiat ex, et fermentum ipsum. Vestibulum ultrices dapibus enim egestas dictum. Suspendisse facilisis, purus et finibus tincidunt, nulla nulla eleifend mi, sit amet ullamcorper tellus ipsum in mi. Fusce imperdiet, augue nec iaculis congue, est mi accumsan elit, eget hendrerit risus leo a mauris.
      <br />
      <br />
      Donec id pretium eros, nec gravida metus. Vestibulum commodo turpis vel porta efficitur. Sed commodo, metus ut interdum euismod, nulla massa tempor mi, et suscipit mi quam vitae eros. Morbi nec lorem eget tortor tincidunt convallis. In tristique eleifend mauris ac maximus. Sed ut ultricies sapien, vitae fringilla eros.
    </p>
  </div>,
]
`;
